<html>
<body>
<pre>
<h1>µVision Build Log</h1>
<h2>Tool Versions:</h2>
IDE-Version: µVision V5.41.0.0
Copyright (C) 2024 ARM Ltd and ARM Germany GmbH. All rights reserved.
License Information: Lam Nguyen, ELMOS Semiconductor SE, LIC=----
 
Tool Versions:
Toolchain:       MDK-Lite  Version: 5.41.0.0
Toolchain Path:  C:\Program Files\ARM\ARMCLANG\bin\
C Compiler:      ArmClang.exe V6.22
Assembler:       Armasm.exe V6.22
Linker/Locator:  ArmLink.exe V6.22
Library Manager: ArmAr.exe V6.22
Hex Converter:   FromElf.exe V6.22
CPU DLL:         SARMCM3.DLL V5.41.0.0
Dialog DLL:      DCM.DLL V1.17.5.0
Target DLL:      Segger\JL2CM3.dll V2.99.45.0
Dialog DLL:      TCM.DLL V1.56.4.0
 
<h2>Project:</h2>
C:\Users\nlng\Desktop\Work\Git_Repositories\VietOS\VietOS_Keil\VietOS.uvprojx
Project File Date:  10/13/2024

<h2>Output:</h2>
*** Using Compiler 'V5.06 update 7 (build 960)', folder: 'C:\Program Files\ARM\ARMCLANG\bin\'
Rebuild target 'VietOS'
compiling main.c...
*** Error: CreateProcess failed, Command: '"C:\Program Files\ARM\ARMCLANG\bin\\ArmCC" --via ".\objects\main.__i"'
compiling led.c...
*** Error: CreateProcess failed, Command: '"C:\Program Files\ARM\ARMCLANG\bin\\ArmCC" --via ".\objects\led.__i"'
compiling system_stm32f4xx.c...
*** Error: CreateProcess failed, Command: '"C:\Program Files\ARM\ARMCLANG\bin\\ArmCC" --via ".\objects\system_stm32f4xx.__i"'
assembling startup_stm32f411xe.s...
startup_stm32f411xe.s: Warning: A1950W: The legacy armasm assembler is deprecated. Consider using the armclang integrated assembler instead.
linking...
Program Size: Code=548 RO-data=424 RW-data=0 ZI-data=1632  
".\Objects\VietOS.axf" - 0 Error(s), 1 Warning(s).

<h2>Software Packages used:</h2>

Package Vendor: ARM
                https://www.keil.com/pack/ARM.CMSIS.6.1.0.pack
                ARM::CMSIS@6.1.0
                CMSIS (Common Microcontroller Software Interface Standard)
   * Component: CORE Version: 6.1.0

Package Vendor: Keil
                https://www.keil.com/pack/Keil.STM32F4xx_DFP.2.17.1.pack
                Keil::STM32F4xx_DFP@2.17.1
                STMicroelectronics STM32F4 Series Device Support, Drivers and Examples
   * Component: Startup Version: 2.6.3

<h2>Collection of Component include folders:</h2>
  ./RTE/_VietOS
  C:/Program Files/ARM/Packs/ARM/CMSIS/6.1.0/CMSIS/Core/Include
  C:/Program Files/ARM/Packs/Keil/STM32F4xx_DFP/2.17.1/Drivers/CMSIS/Device/ST/STM32F4xx/Include

<h2>Collection of Component Files used:</h2>

   * Component: ARM::CMSIS:CORE@6.1.0

   * Component: Keil::Device:Startup@2.6.3
      Source file:   MDK/Device/Source/ARM/STM32F411xx_OPT.s
      Source file:   MDK/Device/Source/ARM/STM32F4xx_OTP.s
      Include file:  Drivers/CMSIS/Device/ST/STM32F4xx/Include/stm32f4xx.h
      Source file:   Drivers/CMSIS/Device/ST/STM32F4xx/Source/Templates/arm/startup_stm32f411xe.s
      Source file:   Drivers/CMSIS/Device/ST/STM32F4xx/Source/Templates/system_stm32f4xx.c
Target not created.
Build Time Elapsed:  00:00:01
</pre>
</body>
</html>
